../Core/Src/main.c:74:6:delay_us	16	static,ignoring_inline_asm
../Core/Src/main.c:87:6:delay_ms	16	static
../Core/Src/main.c:94:6:DHT11_Start	32	static
../Core/Src/main.c:127:9:DHT11_Check_Response	16	static
../Core/Src/main.c:156:9:DHT11_Read_Bit	16	static
../Core/Src/main.c:181:9:DHT11_Read_Byte	16	static
../Core/Src/main.c:198:6:DHT11_Read_Data	32	static
../Core/Src/main.c:251:5:main	88	static
../Core/Src/main.c:377:6:SystemClock_Config	88	static
../Core/Src/main.c:424:13:MX_ADC1_Init	24	static
../Core/Src/main.c:476:13:MX_CAN1_Init	48	static
../Core/Src/main.c:524:13:MX_TIM4_Init	32	static
../Core/Src/main.c:569:13:MX_USART2_UART_Init	8	static
../Core/Src/main.c:602:13:MX_GPIO_Init	40	static
../Core/Src/main.c:660:6:usDelay	16	static
../Core/Src/main.c:670:6:HAL_CAN_TxMailbox0CompleteCallback	16	static
../Core/Src/main.c:682:6:Error_Handler	4	static,ignoring_inline_asm
